border_size=1
usage=map

Ms          , Ms          , Ms          , Ai          , Ai          , Ai          , Ai          , Aa          , Hh          , Aa          , Aa          , Hh          , Ms          , Ms          , Ms          , Aa^Voa      , Ms          , Ms          , Ms          , Ms          , Ms          , Ms          , Ms          , Ms          , Gg          , Gg          , Aa^Fma      , Ai          , Aa^Fda      , Gg          , Re          , Xu          , Xu          , Qlf         , Uh          , Uh          , Uu          , Uu          , Uh          , Qlf         , Qlf         , Qlf         , Qlf         , Uu          , Qlf         , Qlf         
Ms          , Ms          , Ms          , Hh          , Ms          , Aa^Fpa      , Ai          , Ha          , Ha          , Aa^Vca      , Aa^Fpa      , Hh          , Coa         , Ms          , Ms          , Coa         , Coa         , Coa         , Coa         , Ms          , Ms          , Ms          , Ms          , Coa         , Ms          , Aa^Fpa      , Aa          , Ai          , Aa^Fda      , Gg          , Gg          , Re          , Uu^Ii       , Qlf         , Qlf         , Uu^Vu       , Uu          , Cud         , Kud         , Uu^Ii       , Qlf         , Uh          , Uu          , Uu          , Uu          , Qlf         
Ai          , Aa^Voa      , Ai          , Ha          , Ms          , Ha          , Ai          , Hh          , Ha          , Hh          , Ha          , Coa         , Co          , Coa         , Coa         , Ms          , Ms          , Ms          , Ms          , Coa         , Coa         , Ms          , Co          , Coa         , Ms          , Gg          , Aa          , Ai          , Ai          , Aa^Fda      , Gg          , Re          , Re          , Xu          , Qlf         , Uu          , Qxu^Bs/     , Uu          , Qlf         , Cud         , Cud         , Qlf         , Cud         , 4 Kud^Ii    , Uh          , Uh          
Ai          , Aa^Fpa      , Ai          , Ai          , Ai          , Ai          , Ai          , Ms          , Ha          , Ha          , Ai          , Coa         , Coa         , Co          , Ms          , Ms          , Co          , Ms          , Ms          , Ms          , Coa         , Ms          , Coa         , Coa         , Aa^Fda      , Gg          , Aa^Fpa      , Ai          , Aa^Fma      , Ha^Fda      , Aa          , Gg          , Re          , Xu          , Qlf         , Ql^Bs|      , Uu^Vud      , Qlf         , Ur          , Qlf         , Qlf         , Qlf         , Cud         , Uu          , Uu^Ii       , Uu          
Ms          , Aa          , Ai          , Ms          , Aa^Vca      , Aa          , Aa          , Ms^Vhha     , Ai          , Aa^Fpa      , Ai          , Aa          , Koa         , Co          , Co          , Coa         , Coa         , Coa         , Coa         , 3 Koa       , Coa         , Coa         , Co          , Co          , Ha^Fda      , Aa          , Aa^Vea      , Ai          , Aa^Fma      , Gg          , Gg          , Gg          , Re          , Qxu         , Qlf         , Uu          , Uu          , Uu^Uf       , Ql          , Uu^Ii       , Uu          , Cud         , Cud         , Uu          , Uu          , Qlf         
Ms          , Aa^Fda      , Aa          , Aa^Fpa      , Hh          , Ha          , Hh          , Aa^Fpa      , Ai          , Ai          , Ai          , Ai          , Ai          , Coa         , Coa         , Co          , Co          , Co          , Co          , Ms          , Aa^Fma      , Coa         , Koa         , Coa         , Ai          , Ai          , Ai          , Ai          , Aa^Fma      , Aa          , Gg          , Re          , Re          , Qxu^Ii      , Qlf         , Uh          , Qlf         , Uh^Ii       , Uu          , Uu^Vu       , Uh          , Uh          , Uu          , Cud         , Ql^Bs\      , Qlf         
Ms          , Ms          , Ha          , Aa          , Aa          , Aa^Fda      , Hh          , Aa          , Gg          , Aa^Fpa      , Aa^Fda      , Ai          , Ha^Fda      , Aa          , Ai          , Koa         , Coa         , Coa         , Coa         , Co          , Aa^Fma      , Ai          , Ai          , Ai          , Aa          , Aa^Fma      , Aa          , Aa^Fpa      , Gg          , Aa^Fpa      , Gg          , Re          , Re          , Qxu         , Qxu         , Qlf         , Qlf         , Qlf         , Qxu^Bs|     , Qlf         , Qlf         , Qlf         , Qlf         , Qlf         , Cud         , Uu^Uf       
Aa^Vca      , Ms          , Ha          , Aa^Fda      , Ha          , Aa          , Hh          , Aa^Fda      , Ms          , Gg          , Ha          , Ai          , Ai          , Ai          , Ai          , Aa          , Ai          , Aa^Fpa      , Ai          , Ai          , Ai          , Ai          , Aa^Fma      , Aa          , Aa^Fda      , Aa^Fpa      , Aa^Fda      , Aa^Fpa      , Gg          , Aa          , Aa^Fpa      , Re          , Re          , Ur          , Uu          , Uu^Ufi      , Ql^Bs/      , Uu^Uf       , Uh          , Uu          , Uu          , Uu          , Kud^Ii      , Cud         , Cud         , Uu^Ufi      
Ms          , Aa^Fda      , Hh          , Aa^Fda      , Ms          , Hh          , Ha          , Hh          , Ms          , Gg          , Aa^Fda      , Aa^Vca      , Aa^Fpa      , Ai          , Aa^Vea      , Ai          , Re          , Ai          , Aa          , Gg          , Aa^Vca      , Aa          , Aa          , Aa          , Aa^Fma      , Aa^Fda      , Aa^Fpa      , Aa          , Gg          , Gg          , Gg          , Re          , Re          , Ur^Ii       , Xu          , Uu          , Uu          , Qlf         , Uu          , Uu          , Uu^Uf       , Cud         , Ur          , Cud         , Cud         , Qlf         
Ai          , Aa^Fpa      , Ha          , Hh          , Ai          , Aa          , Aa^Fda      , Hh          , Gg          , Gg          , Gg          , Gg          , Aa^Fda      , Gg          , Aa          , Aa^Fpa      , Re          , Aa^Fma      , Aa          , Aa          , Re          , Re          , Aa^Fda      , Aa^Fda      , Aa^Fma      , Aa^Fpa      , Aa          , Aa          , Gg          , Gg          , Aa          , Gg          , Re          , Ur          , Xu          , Uu          , Qlf         , Qlf         , Xu          , Xu          , Xu          , Ur          , Uh          , Ur          , Qlf         , Cud         
Ai          , Ai          , Ai          , Ai          , Ai          , Ha          , Ha          , Ha          , Aa          , Aa          , Aa          , Aa          , Gg          , Gg          , Gg          , Aa          , Re          , Re          , Re          , Aa^Fma      , Re          , Aa          , Gs          , Aa          , Aa          , Aa^Fda      , Aa          , Gg          , Aa          , Aa^Voa      , Aa^Fma      , Gg          , Re          , Ur          , Qxu^Ii      , Qlf         , Qlf         , Xu          , Uu          , Uu^Vud      , Xu          , Uu^Vu       , Uu^Uf       , Uu^Vud      , Qlf         , Ur          
Ww          , Ww          , Wo          , Ww          , Wo          , Ai          , Ww          , Ai          , Ai          , Gg          , Aa          , Gg          , Gg          , Aa          , Gg          , Gg          , Re^Gvs      , Re          , Re          , Re          , Gs          , Gs          , Gs          , Gs          , Gs          , Aa          , Gs          , Aa^Fda      , Gs          , Gs          , Gs          , Aa          , Re          , Ur          , Xos         , Qxu         , Uu          , Qlf         , Uh          , Uu^Uf       , Uu^Vud      , Xu          , Qlf         , Qlf         , Uu^Uf       , Uu^Vu       
Ww          , Wo          , Wo          , Wo          , Wo          , Wo          , Wo          , Ww          , Wwf         , Ai          , Aa          , Gg          , Gg          , Gg          , Gg          , Re^Gvs      , Re^Gvs      , Re^Gvs      , Re^Gvs      , Re^Gvs      , Re^Gvs      , Re^Gvs      , Re^Gvs      , Re^Gvs      , Re^Gvs      , Gs          , Gs          , Gs          , Gs          , Gs          , Gs          , Gs          , Re          , Ur          , Ur          , Ur          , Xos         , Qlf         , Qlf         , Uu          , Qlf         , Qlf         , Qlf         , Ur          , Uu^Vud      , Ur          
Wwf         , Wo          , Wo          , Wo          , Wo          , Wo          , Wo          , Wo          , Wo          , Ww          , Wo          , Ww          , Wwf         , Gg          , Gg          , Re^Gvs      , Re^Gvs      , Re^Gvs      , Re^Gvs      , Re^Gvs      , Re^Vct      , Re^Gvs      , Re^Gvs      , Re^Gvs      , Re^Gvs      , Gs          , Ch          , Kh          , Ch          , Gs          , Gs          , Gs          , Re          , Re          , Re          , Ur          , Ur          , Ur          , Xos         , Qlf         , Xos         , Xos         , Xos         , Qlf         , Qlf         , Qlf         
Gs^Fp       , Ww          , Wwf         , Wwf         , Wwf         , Wwf         , Ww          , Wo          , Wwf         , Wo          , Wwf         , Wwf         , Wo          , Wwf         , Ww          , Ww          , Ww^Vm       , Re^Gvs      , Ww          , Re^Gvs      , Ww          , Re^Gvs      , Gg^Vh       , Re^Gvs      , Gg          , Ch          , Rp^Vhc      , Ch          , Ch          , Ch          , Gs          , Re          , Re^Gvs      , Gs          , Gs          , Uu^Ii       , Gs          , Ur          , Re          , Xos         , Re          , Uu^Uf       , Re          , Xos         , Xos         , Xos         
Hh          , Hh          , Hh^Fmw      , Gg^Dr       , Hh^Fdf      , Hh          , Hh^Fmw      , Ww          , Wwf         , Wwf         , Wo          , Wwf         , Wo          , Wo          , Wo          , Wo          , Wo          , Ww          , Wo          , Ww          , Wo          , Ww          , Ww          , Ww^Vm       , Chw         , Ch          , Ch          , Ch          , Ch          , Kh          , Gs          , Re          , Re^Gvs      , Re^Gvs      , Re^Gvs      , Gs          , Gs          , Gs          , Gs          , Re          , Re          , Ql          , Re          , Uu^Uf       , Uu          , Ql          
Hh^Fdw      , Hh^Fdf      , Gg^Ve       , Hh          , Hh^Fdw      , Hh^Fmw      , Hh^Fdf      , Rr          , Rr          , Ww          , Ww          , Wo          , Wo          , Wo          , Wo          , Wo          , Wo          , Wo          , Wo          , Wo          , Wo          , Wo          , Ww          , Ww          , Chw         , Ch          , Ch          , Ch          , Rp^Vhc      , Ch          , Re^Gvs      , Gs^Vht      , Re^Gvs      , Re^Gvs      , Re^Gvs      , Gs          , Gs          , Gs          , Gs          , Re          , Gs          , Re          , Re          , Uu          , Xu          , Uu          
Hh^Fmf      , Gs^Fdf      , Hh^Fmf      , Hh^Fdw      , Hh^Fdw      , Hh^Fdf      , Gg          , Gg^Wm       , Rr          , Gg          , Gg^Vh       , Ww          , Ww          , Ww          , Ww          , Wo          , Ww          , Wo          , Wo          , Wo          , Ww          , Ww          , Chw         , Chw         , Ww          , Ww          , Chw         , Ch          , Ww          , Chw         , Re^Gvs      , Re^Gvs      , Re^Gvs      , Re^Gvs      , Re^Gvs      , Gs          , Gs          , Gs          , Gs          , Gs          , Gs          , Gs          , Re          , Re          , Re          , Xu          
Hh^Fmf      , Hh^Fmf      , Gs^Fdf      , Hh^Fmw      , Gg          , Gg          , Ggf         , Gg          , Rr          , Rr          , Rr          , Rr          , Rr          , Re^Gvs      , Re^Gvs      , Ww          , Gg          , Wwf         , Ch          , Wwf         , Chw         , Chw         , Ww          , 1 Khw       , Wo          , Ww^Vm       , Chw         , Wwf         , Wwf         , Chw         , Wo          , Re^Gvs      , Re^Gvs      , Gs          , Gs          , Gs          , Gs          , Gs          , Wo          , Wo          , Wo          , Wo          , Wo          , Re          , Re          , Re          
Gs^Fp       , Hh^Fmw      , Hh^Fmw      , Hh^Fmw      , Hh^Fmw      , Ggf         , Rr          , Rr          , Re^Gvs      , Re^Gvs      , Re^Gvs      , Gg^Wm       , Rr          , Re^Gvs      , Rr          , Kh          , Ch          , Gg          , Ch          , Ch          , Ch          , Ww^Vm       , Ww          , Ww^Vm       , Chw         , Chw         , Wo          , Wo          , Wo          , Wwf         , Wo          , Wo          , Wo          , Gs          , Gs          , Gs          , Wo          , Wo          , Wwr         , Wo          , Wo          , Wo          , Wo          , Wwf         , Wwf         , Re          
Hh^Fmf      , Gs^Fdf      , Gg^Ve       , Hh^Fmf      , Gs^Fp       , Rr          , Ggf         , Gg          , Cv          , Re^Gvs      , Re^Gvs      , Re^Gvs      , Re^Gvs      , Rr          , Ch          , Ch          , Ch          , Ch          , Rp^Vhc      , Ch          , Rp^Vhc      , Chw         , Chw         , Chw         , Wo          , Wo          , Wo          , Wwr         , Wo          , Wwr         , Wo          , Wo          , Wo          , Wo          , Wo^Bw|      , Wo          , Wo          , Wo          , Wo          , Wo          , Wo          , Wo          , Wo          , Ww          , Ss          , Ss          
Hh^Fmw      , Gs^Fds      , Gs^Fmf      , Gs^Fmf      , Gs^Fdf      , Re          , Cv          , Kv          , Gs^Fdf      , Gg          , Gg          , Re^Gvs      , Re^Gvs      , Re^Gvs      , Ch          , Rp^Vhc      , Ch          , Ch          , Ch          , Ch          , Ch          , Wwf         , Ww          , Wo          , Ww^Vm       , Wo          , Wo          , Wo          , Wo          , Wo          , Wwr         , Wo          , Wo          , Wo          , Wo^Bw|      , Wo          , Wo          , Wo          , Wo          , Wo          , Wo          , Wo          , Ww          , Ww          , Ss          , Ss          
Hh^Fmf      , Gs^Fdf      , Gs^Fdf      , Gs^Fmf      , Gg^Fet      , Re          , Cv          , Gs^Fp       , Hh^Fp       , Gs^Fmf      , Gg          , Gg          , Gg^Wm       , Gg          , Gg          , Ch          , Rp^Vhc      , Ch          , Kh          , Ch          , Rp^Vhc      , Re^Gvs      , Re^Gvs      , Wwf         , Wwf         , Wo          , Wo          , Wwr         , Wo          , Wo          , Wwr         , Wo          , Wo          , Wo          , Wo^Bw|      , Wo          , Wo          , Wo          , Wo          , Wo          , Wo          , Wo          , Ww          , Ss          , Ss          , Ss          
Hh^Fp       , Gg^Ve       , Hh^Fp       , Hh^Fmf      , Gs^Fms      , Re          , Re          , Hh^Fdf      , Gs^Fmf      , Gs^Fmf      , Gg          , Gg          , Gg          , Gg          , Ggf         , Ggf         , Rr          , Ch          , Ch          , Gg          , Re^Gvs      , Re^Gvs      , Re^Gvs      , Wwf         , Wwf         , Wo          , Wo          , Wo          , Wo          , Wo          , Wo          , Wo          , Wo          , Wo          , Gs          , Wo          , Wo          , Wo          , Ww          , Wo          , Wo          , Wo          , Ww          , Ss          , Ss          , Ss          
Hh^Fp       , Hh^Fdf      , Gs^Fp       , Hh^Fds      , Hh^Fp       , Gs^Fp       , Re          , Hh^Fp       , Gs^Fmf      , Gs^Fp       , Gg          , Gg          , Hh          , Gs^Fp       , Rr          , Rr          , Rr          , Gg          , Re^Gvs      , Re^Gvs      , Re^Gvs      , Re^Gvs      , Re^Gvs      , Wwf         , Wwf         , Wo          , Wo          , Wo          , Wo          , Wo          , Wo          , Wo          , Wo          , Gs^Vht      , Gg^Fet      , Gs          , Ww          , Ww          , Ss          , Ww          , Ww          , Ww          , Ss          , Ss^Vm       , Ss          , Ss          
Gs^Fds      , Gs^Fp       , Gg^Fet      , Hh^Fms      , Hh^Fmw      , Ggf         , Gs^Fds      , Gs^Fp       , Hh^Fms      , Gs^Fmf      , Hh^Fdw      , Gg          , Gg          , Rr          , Gg          , Gg^Wm       , Gg          , Rp^Vhc      , Re^Gvs      , Re^Gvs      , Re^Gvs      , Re^Gvs      , Re^Gvs      , Re^Gvs      , Re^Gvs      , Ww          , Ww          , Wo          , Wo          , Wo          , Wo          , Wo          , Wo^Bw/      , Gs          , Gs          , Gs^Vht      , Ww          , Ss          , Ss          , Ss^Vhs      , Ww          , Ww          , Ww          , Ss          , Ss          , Ss          
Gs^Fds      , Gs^Fp       , Gg^Ve       , Hh^Fds      , Gs^Fp       , Ggf         , Gs^Fp       , Hh^Fms      , Gg^Ve       , Gs^Fp       , Gs^Fp       , Gg          , Ggf         , Rr          , Rp          , Gg          , Gs^Fmw      , Gg          , Gg          , Re^Gvs      , Re^Gvs      , Re^Gvs      , Re^Gvs      , Re^Gvs      , Rd          , Rd          , Ss^Bw\      , Ww          , Wo^Bw/      , Wo^Bw/      , Wo^Bw\      , Wo^Bw/      , Wo          , Ww          , Ww          , Ww^Bw\      , Ss^Bw\      , Ss          , Ss          , Ss          , Ss          , Ww          , Ww          , Ss          , Ss          , Ss          
Gs^Fp       , Gs^Fds      , Gs^Fds      , Gs^Fp       , Ggf         , Ggf         , Gg^Fet      , Hh          , Gs^Fds      , Gs^Fp       , Gs^Fds      , Ggf         , Gs^Fp       , Gs^Fms      , Gs          , Rp          , Rp          , Rp          , Rp          , Gg          , Gg          , Re^Gvs      , Rd          , Rd          , Re^Gvs      , Gg^Wm       , Ww          , Ss^Bw\      , Ss          , Wo          , Wo          , Wo          , Wo          , Ww^Vm       , Ww          , Ww          , Ss          , Ss^Bw\      , Chs         , Ss          , Ss          , Ww          , Ss          , Ss          , Ss          , Ss          
Gg^Fet      , Gs^Fms      , Gs^Fp       , Ggf         , Gs^Fds      , Gs^Fp       , Hh^Fms      , Hh^Fms      , Gg          , Gs^Fds      , Ggf         , Ggf         , Gs^Fds      , Gs^Fp       , Gs          , Gs          , Gs          , Hh          , Gs^Fmw      , Rp          , Rd          , Rd          , Gs          , Re^Gvs      , Re^Gvs      , Re^Gvs      , Ww          , Ww          , Ss          , Ww          , Ww          , Ww          , Ww          , Ww          , Ww          , Ww          , Ww          , Ss          , Chs         , Chs         , Khs         , Ss          , Ss          , Ss          , Ss          , Ss          
Gs^Fp       , Gs^Fp       , Cv          , Ggf         , Gs^Fp       , Gs^Fp       , Gs^Fp       , Gs^Fms      , Ggf         , Ggf         , Gs^Fds      , Gg^Fet      , Gs^Fp       , Gs^Fp       , Gs^Fds      , Gs          , Gs          , Gs          , Hh          , Gs          , Rd          , Gs          , Gs          , Re^Gvs      , Re^Gvs      , Re^Gvs      , Ww          , Ww          , Ss          , Ss          , Ss^Vm       , Ww          , Ww          , Chs         , Ss          , Ss          , Chs         , Ww          , Ww          , Chs         , Chs         , Chs         , Ss          , Ss          , Ss          , Ss          
Gs^Fp       , Kv          , Gg^Fet      , Cv          , Gs^Fds      , Gs^Fp       , Gg^Fet      , Hh^Fms      , Gs^Fms      , Gg          , Ww          , Gg          , Gs^Fp       , Gs^Fp       , Gs^Fp       , Gs          , Gs          , Hh          , Mm          , Hh^Fmw      , Rd          , Gs          , Gs          , Re^Gvs      , Re^Gvs      , Re^Gvs      , Re^Vct      , Ww          , Ss          , Ss          , Ss          , Ww          , Ss          , Ww          , Ww          , Ss          , Chs         , Chs         , 5 Khs       , Ww          , Ww          , Chs         , Ss          , Ss          , Ss          , Ss          
Ww          , Cv          , Gg^Ve       , Cv          , Ww          , Ggf         , Ww          , Hh^Fms      , Ww          , Ww          , Gs^Fds      , Ww          , Ww          , Gs^Fp       , Gs^Fp       , Gs^Fds      , Gs          , Gs          , Gs          , Rd          , Gs          , Gs          , Ce          , Re          , Re          , Re^Gvs      , Ss          , Ss          , Ss          , Ss          , Chs         , Ss          , Khs         , Chs         , Ww          , Ss          , Ss          , Chs         , Chs         , Chs         , Ww          , Chs         , Ss          , Ss          , Ss          , Ss          
Ww          , Cv          , Ww^Bw\      , Ww          , Cv          , Ww          , Gs^Fds      , Ww          , Hh^Fp       , Hh^Fp       , Gs^Fmw      , Gs^Fp       , Gs^Fds      , Ww          , Gs^Fds      , Gs^Fds      , Gs          , Gs          , Rd          , Rd          , Re^Vct      , Ce          , 6 Ke        , Re          , Re          , Re          , Ss          , Ss          , Ss          , Ss          , Ss          , Chs         , Chs         , Ss          , Ww          , Ss          , Chs         , Ss          , Ss          , Chs         , Ww          , Chs         , Ww          , Ww          , Ww          , Ss          
Hh^Fp       , Ww          , Cv          , 2 Kv        , Cv          , Cv          , Gs^Fms      , Gs^Fds      , Gs^Fp       , Hh^Fp       , Gs^Fp       , Gs^Fp       , Gg^Ve       , Ww          , Gs^Fp       , Gs^Fp       , Gs^Fds      , Gs          , Rd          , Gs          , Gs          , Ce          , Ds          , Ce          , Re          , Re          , Ss          , Ss          , Ss          , Ss          , Ss^Vhs      , Ss          , Ss          , Ss          , Ww          , Ww          , Ss          , Ss          , Ss^Vm       , Ss          , Ww          , Ww          , Wo          , Ww^Vm       , Ww          , Ss          
Gs^Fms      , Gs^Fms      , Gs^Fms      , Cv          , Gs^Fms      , Gs^Fms      , Gs^Fms      , Gg^Ve       , Gg          , Gs^Fp       , Ggf         , Ggf         , Gs^Ft       , Ww          , Ww          , Gs^Fds      , Gg          , Gs^Ft       , Dd^Do       , Rd          , Ds          , Ds          , Ds          , Ds          , Re          , Re          , Ss          , Ss          , Ss          , Ss          , Ss          , Ss          , Ss          , Ss          , Ss          , Ww          , Ww          , Ww          , Ww          , Ww          , Ww          , Wo          , Wo          , Wo          , Ww          , Ww          
